STDOUT:
============================= test session starts =============================
platform win32 -- Python 3.11.0rc2, pytest-7.3.1, pluggy-1.6.0 -- C:\Users\USER\AppData\Local\Programs\Python\Python311\python.exe
cachedir: .pytest_cache
rootdir: C:\Users\USER\OneDrive\AI PROJECTS\WINSURDF\dev\retire
configfile: pytest.ini
plugins: anyio-4.9.0, cov-4.1.0
collecting ... collected 1 item

tests/test_pension_fund_calculation.py::test_integrate_pension_funds_with_scenario PASSED [100%]

============================== warnings summary ===============================
..\..\..\..\..\AppData\Local\Programs\Python\Python311\Lib\site-packages\starlette\formparsers.py:12
  C:\Users\USER\AppData\Local\Programs\Python\Python311\Lib\site-packages\starlette\formparsers.py:12: PendingDeprecationWarning: Please use `import python_multipart` instead.
    import multipart

<frozen importlib._bootstrap>:283
  <frozen importlib._bootstrap>:283: DeprecationWarning: the load_module() method is deprecated and slated for removal in Python 3.12; use exec_module() instead

app\main.py:63
  C:\Users\USER\OneDrive\AI PROJECTS\WINSURDF\dev\retire\app\main.py:63: DeprecationWarning: 
          on_event is deprecated, use lifespan event handlers instead.
  
          Read more about it in the
          [FastAPI docs for Lifespan Events](https://fastapi.tiangolo.com/advanced/events/).
          
    @app.on_event("startup")

..\..\..\..\..\AppData\Local\Programs\Python\Python311\Lib\site-packages\fastapi\applications.py:4495
  C:\Users\USER\AppData\Local\Programs\Python\Python311\Lib\site-packages\fastapi\applications.py:4495: DeprecationWarning: 
          on_event is deprecated, use lifespan event handlers instead.
  
          Read more about it in the
          [FastAPI docs for Lifespan Events](https://fastapi.tiangolo.com/advanced/events/).
          
    return self.router.on_event(event_type)

-- Docs: https://docs.pytest.org/en/stable/how-to/capture-warnings.html
======================== 1 passed, 4 warnings in 0.30s ========================


STDERR:


Exit code: 0